
Discarded input sections

 .pdr           0x0000000000000000       0x20 src/dummy.o
 .reginfo       0x0000000000000000       0x18 src/stophittingyourself.o
 .MIPS.abiflags
                0x0000000000000000       0x18 src/stophittingyourself.o
 .pdr           0x0000000000000000       0x20 src/stophittingyourself.o
 .reginfo       0x0000000000000000       0x18 src/hook_dopoing_switchofffist.o
 .MIPS.abiflags
                0x0000000000000000       0x18 src/hook_dopoing_switchofffist.o

Memory Configuration

Name             Origin             Length             Attributes
*default*        0x0000000000000000 0xffffffffffffffff

Linker script and memory map

LOAD src/dummy.o
LOAD src/stophittingyourself.o
LOAD src/hook_dopoing_switchofffist.o
                0x000000008016ca80                OVR_START_ADDR = 0x8016ca80
                0x000000008016ca84                __heap_base = __ovr_end
                0x000000008016ca80                __ovr_start = 0x8016ca80

.MIPS.abiflags  0x0000000000000000       0x18
 .MIPS.abiflags
                0x0000000000000000       0x18 src/dummy.o

.srcdummyc      0x000000008016ca80    0x5327c
                0x00000000801bfcf4                . = (. + 0x53274)
 *fill*         0x000000008016ca80    0x53274 
 src/dummy.o(.text*)
 .text          0x00000000801bfcf4        0x0 src/dummy.o
 .text.dummy    0x00000000801bfcf4        0x8 src/dummy.o
                0x00000000801bfcf4                dummy
 src/dummy.o(.rodata*)
 src/dummy.o(.sdata*)
 src/dummy.o(.data*)
 .data          0x00000000801bfcfc        0x0 src/dummy.o
 src/dummy.o(.sbss*)
 src/dummy.o(.bss*)
 .bss           0x00000000801bfcfc        0x0 src/dummy.o
                0x00000000801bfcfc                . = ALIGN (0x4)
                0x000000008016ca84                __ovr_end = .
                [!provide]                        PROVIDE (__load_start_srcdummyc = LOADADDR (.srcdummyc))
                [!provide]                        PROVIDE (__load_stop_srcdummyc = (LOADADDR (.srcdummyc) + SIZEOF (.srcdummyc)))

.srcstophittingyourselfc
                0x000000008016ca80    0x53308 load address 0x00000000801bfcfc
                0x00000000801bfcfc                . = (. + 0x5327c)
 *fill*         0x000000008016ca80    0x5327c 
 src/stophittingyourself.o(.text*)
 .text          0x00000000801bfcfc        0x0 src/stophittingyourself.o
 .text.hurt_and_switch_off_fist
                0x00000000801bfcfc       0x8c src/stophittingyourself.o
                0x00000000801bfcfc                hurt_and_switch_off_fist
 src/stophittingyourself.o(.rodata*)
 src/stophittingyourself.o(.sdata*)
 src/stophittingyourself.o(.data*)
 .data          0x00000000801bfd88        0x0 src/stophittingyourself.o
 src/stophittingyourself.o(.sbss*)
 src/stophittingyourself.o(.bss*)
 .bss           0x00000000801bfd88        0x0 src/stophittingyourself.o
                0x00000000801bfd88                . = ALIGN (0x4)
                0x000000008016ca84                __ovr_end = .
                [!provide]                        PROVIDE (__load_start_srcstophittingyourselfc = LOADADDR (.srcstophittingyourselfc))
                [!provide]                        PROVIDE (__load_stop_srcstophittingyourselfc = (LOADADDR (.srcstophittingyourselfc) + SIZEOF (.srcstophittingyourselfc)))

.srchook_dopoing_switchofffists
                0x000000008016ca80        0x4 load address 0x0000000080213004
 src/hook_dopoing_switchofffist.o(.text*)
 .text          0x000000008016ca80        0x4 src/hook_dopoing_switchofffist.o
 src/hook_dopoing_switchofffist.o(.rodata*)
 src/hook_dopoing_switchofffist.o(.sdata*)
 src/hook_dopoing_switchofffist.o(.data*)
 .data          0x000000008016ca84        0x0 src/hook_dopoing_switchofffist.o
 src/hook_dopoing_switchofffist.o(.sbss*)
 src/hook_dopoing_switchofffist.o(.bss*)
 .bss           0x000000008016ca84        0x0 src/hook_dopoing_switchofffist.o
                0x00000000801bfd88                . = ALIGN (0x4)
                0x000000008016ca84                __ovr_end = .
                [!provide]                        PROVIDE (__load_start_srchook_dopoing_switchofffists = LOADADDR (.srchook_dopoing_switchofffists))
                [!provide]                        PROVIDE (__load_stop_srchook_dopoing_switchofffists = (LOADADDR (.srchook_dopoing_switchofffists) + SIZEOF (.srchook_dopoing_switchofffists)))
                0x0000000020000000                gte_ldv0 = 0x20000000
                0x0000000020000004                gte_ldv1 = 0x20000004
                0x0000000020000008                gte_ldv2 = 0x20000008
                0x000000002000000c                gte_ldv3 = 0x2000000c
                0x0000000020000010                gte_ldv3c = 0x20000010
                0x0000000020000014                gte_ldv3c_vertc = 0x20000014
                0x0000000020000020                FUN_20000020 = 0x20000020
                0x0000000020000024                FUN_20000024 = 0x20000024
                0x0000000020000030                FUN_20000030 = 0x20000030
                0x0000000020000068                FUN_20000068 = 0x20000068
                0x00000000200000d4                FUN_200000d4 = 0x200000d4
                0x0000000020000110                FUN_20000110 = 0x20000110
                0x000000002000011c                FUN_2000011c = 0x2000011c
                0x0000000020000120                FUN_20000120 = 0x20000120
                0x0000000020000124                FUN_20000124 = 0x20000124
                0x000000002000013c                FUN_2000013c = 0x2000013c
                0x0000000020000140                FUN_20000140 = 0x20000140
                0x0000000020000144                FUN_20000144 = 0x20000144
                0x0000000020000148                FUN_20000148 = 0x20000148
                0x000000002000014c                FUN_2000014c = 0x2000014c
                0x0000000020000160                FUN_20000160 = 0x20000160
                0x0000000020000164                FUN_20000164 = 0x20000164
                0x000000008012d030                FUN_8012d030 = 0x8012d030
                0x000000008012d27c                FUN_8012d27c = 0x8012d27c
                0x000000008012d2b0                FUN_8012d2b0 = 0x8012d2b0
                0x000000008012d4c0                FUN_8012d4c0 = 0x8012d4c0
                0x000000008012d96c                FUN_8012d96c = 0x8012d96c
                0x000000008012d9c0                FUN_8012d9c0 = 0x8012d9c0
                0x000000008012da14                FUN_8012da14 = 0x8012da14
                0x000000008012dc24                continue_fonction = 0x8012dc24
                0x000000008012dc9c                DO_CONTINUE = 0x8012dc9c
                0x000000008012ddcc                select_level_prg = 0x8012ddcc
                0x000000008012df5c                SELECT_LEVEL = 0x8012df5c
                0x000000008012df9c                DISPLAY_STAGE_NAMES = 0x8012df9c
                0x000000008012e00c                WORLD_CHOICE = 0x8012e00c
                0x000000008012e0d4                DO_WORLD_MAP = 0x8012e0d4
                0x000000008012e214                DISPLAY_TXT_VIGNET = 0x8012e214
                0x000000008012e2c4                display_vignet_prg = 0x8012e2c4
                0x000000008012e428                DISPLAY_GAME_VIGNET = 0x8012e428
                0x000000008012e490                DISPLAY_TXT_CREDITS = 0x8012e490
                0x000000008012e54c                display_credits_prg = 0x8012e54c
                0x000000008012e5f4                DISPLAY_CREDITS = 0x8012e5f4
                0x000000008012e6b0                DISPLAY_PROTOON_BACK = 0x8012e6b0
                0x000000008012e714                DO_VICTOIRE = 0x8012e714
                0x000000008012e7d4                InitDemoJeu = 0x8012e7d4
                0x000000008012ea28                FinDemoJeu = 0x8012ea28
                0x000000008012ebb0                loader_anim_prg = 0x8012ebb0
                0x000000008012ec94                DO_GROS_RAYMAN = 0x8012ec94
                0x000000008012ece8                FUN_8012ece8 = 0x8012ece8
                0x000000008012ecf0                FUN_8012ecf0 = 0x8012ecf0
                0x000000008012ed60                DO_AFFICHE_PAUSE = 0x8012ed60
                0x000000008012eda4                FUN_8012eda4 = 0x8012eda4
                0x000000008012edf0                PS1_LoadToVRAM = 0x8012edf0
                0x000000008012ee64                PS1_LoadVRAMBlock = 0x8012ee64
                0x000000008012f2cc                FUN_8012f2cc = 0x8012f2cc
                0x000000008012f2d4                PouvoirsParMap = 0x8012f2d4
                0x000000008012f540                PS1_ResetSaveZone = 0x8012f540
                0x000000008012f570                FUN_8012f570 = 0x8012f570
                0x000000008012f590                DO_GROS_MOTEUR_NORMAL = 0x8012f590
                0x000000008012f628                DO_MAIN_LOOP = 0x8012f628
                0x000000008012fbf8                PS1_FinishRecordingDemo = 0x8012fbf8
                0x000000008012fc38                main = 0x8012fc38
                0x0000000080130034                FUN_80130034 = 0x80130034
                0x0000000080130048                FUN_80130048 = 0x80130048
                0x000000008013045c                FUN_8013045c = 0x8013045c
                0x0000000080130514                FUN_80130514 = 0x80130514
                0x0000000080130540                FUN_80130540 = 0x80130540
                0x0000000080130560                FUN_80130560 = 0x80130560
                0x0000000080130588                FUN_80130588 = 0x80130588
                0x00000000801305b4                FUN_801305b4 = 0x801305b4
                0x00000000801305ec                FUN_801305ec = 0x801305ec
                0x000000008013061c                PS1_InitMusic = 0x8013061c
                0x000000008013066c                FUN_8013066c = 0x8013066c
                0x0000000080130684                FUN_80130684 = 0x80130684
                0x00000000801309b0                FUN_801309b0 = 0x801309b0
                0x00000000801309b8                FUN_801309b8 = 0x801309b8
                0x0000000080130a98                FUN_80130a98 = 0x80130a98
                0x0000000080130b18                FUN_80130b18 = 0x80130b18
                0x0000000080130bc4                FUN_80130bc4 = 0x80130bc4
                0x0000000080130c58                FUN_80130c58 = 0x80130c58
                0x0000000080130d00                FUN_80130d00 = 0x80130d00
                0x0000000080130dc0                PS1_InitTracks = 0x80130dc0
                0x0000000080131474                FUN_80131474 = 0x80131474
                0x00000000801314c4                FUN_801314c4 = 0x801314c4
                0x0000000080131678                PS1_PlayMusic = 0x80131678
                0x0000000080131ba8                playLevelMusic = 0x80131ba8
                0x0000000080131c28                start_cd_gros_rayman = 0x80131c28
                0x0000000080131c4c                start_cd_suspence = 0x80131c4c
                0x0000000080131c70                start_cd_credits = 0x80131c70
                0x0000000080131c94                FUN_80131c94 = 0x80131c94
                0x0000000080131cc0                start_cd_gagne = 0x80131cc0
                0x0000000080131d18                FUN_80131d18 = 0x80131d18
                0x0000000080131d4c                PS1_PlayCDTrack_0_3 = 0x80131d4c
                0x0000000080131d70                start_cd_gameover = 0x80131d70
                0x0000000080131d94                start_cd_continue = 0x80131d94
                0x0000000080131db8                FUN_80131db8 = 0x80131db8
                0x0000000080131dc8                FUN_80131dc8 = 0x80131dc8
                0x0000000080131df0                stop_cd = 0x80131df0
                0x0000000080131e18                FUN_80131e18 = 0x80131e18
                0x0000000080131e40                FUN_80131e40 = 0x80131e40
                0x0000000080131e5c                FUN_80131e5c = 0x80131e5c
                0x0000000080131e94                FUN_80131e94 = 0x80131e94
                0x000000008013202c                FUN_8013202c = 0x8013202c
                0x0000000080132060                change_audio_track_moskito_acc = 0x80132060
                0x0000000080132098                change_audio_track_moskito_dec = 0x80132098
                0x00000000801320d0                change_audio_track_puit = 0x801320d0
                0x0000000080132110                FUN_80132110 = 0x80132110
                0x0000000080132148                FUN_80132148 = 0x80132148
                0x0000000080132150                FUN_80132150 = 0x80132150
                0x0000000080132158                FUN_80132158 = 0x80132158
                0x0000000080132160                FUN_80132160 = 0x80132160
                0x0000000080132168                PS1_SetMusicVolume = 0x80132168
                0x00000000801321fc                FUN_801321fc = 0x801321fc
                0x0000000080132244                FUN_80132244 = 0x80132244
                0x0000000080132264                PS1_LoadLevelMapBlock = 0x80132264
                0x0000000080132304                FUN_80132304 = 0x80132304
                0x000000008013234c                FUN_8013234c = 0x8013234c
                0x0000000080132424                FUN_80132424 = 0x80132424
                0x00000000801324cc                PS1_LoadAllFixData = 0x801324cc
                0x00000000801327ec                PS1_LoadLevelEventBlock = 0x801327ec
                0x0000000080132864                FUN_80132864 = 0x80132864
                0x0000000080132898                PS1_PlayVideo = 0x80132898
                0x0000000080132a44                PS1_PlayVideoFile = 0x80132a44
                0x0000000080132d74                FUN_80132d74 = 0x80132d74
                0x0000000080132e04                FUN_80132e04 = 0x80132e04
                0x0000000080132ea0                FUN_80132ea0 = 0x80132ea0
                0x0000000080133010                FUN_80133010 = 0x80133010
                0x0000000080133018                FUN_80133018 = 0x80133018
                0x0000000080133048                FUN_80133048 = 0x80133048
                0x000000008013319c                PS1_InitFiles = 0x8013319c
                0x00000000801331a4                FUN_801331a4 = 0x801331a4
                0x00000000801332b4                PS1_LoadFiles = 0x801332b4
                0x0000000080133498                FUN_80133498 = 0x80133498
                0x0000000080133520                readinput = 0x80133520
                0x0000000080133544                upjoy = 0x80133544
                0x00000000801335a4                leftjoy = 0x801335a4
                0x0000000080133604                rightjoy = 0x80133604
                0x0000000080133664                downjoy = 0x80133664
                0x00000000801336c4                FUN_801336c4 = 0x801336c4
                0x0000000080133714                FUN_80133714 = 0x80133714
                0x0000000080133764                FUN_80133764 = 0x80133764
                0x00000000801337b4                FUN_801337b4 = 0x801337b4
                0x0000000080133804                but0pressed = 0x80133804
                0x0000000080133864                but1pressed = 0x80133864
                0x00000000801338c4                but2pressed = 0x801338c4
                0x0000000080133924                but3pressed = 0x80133924
                0x0000000080133984                FUN_80133984 = 0x80133984
                0x00000000801339f4                FUN_801339f4 = 0x801339f4
                0x0000000080133a64                PS1_IsInputtingCheatCode = 0x80133a64
                0x0000000080133acc                FUN_80133acc = 0x80133acc
                0x0000000080133b08                FUN_80133b08 = 0x80133b08
                0x0000000080133b44                FUN_80133b44 = 0x80133b44
                0x0000000080133b80                FUN_80133b80 = 0x80133b80
                0x0000000080133bd0                FUN_80133bd0 = 0x80133bd0
                0x0000000080133c20                FUN_80133c20 = 0x80133c20
                0x0000000080133c70                FUN_80133c70 = 0x80133c70
                0x0000000080133cc0                FUN_80133cc0 = 0x80133cc0
                0x0000000080133d10                FUN_80133d10 = 0x80133d10
                0x0000000080133d60                FUN_80133d60 = 0x80133d60
                0x0000000080133db0                FUN_80133db0 = 0x80133db0
                0x0000000080133e00                FUN_80133e00 = 0x80133e00
                0x0000000080133e50                FUN_80133e50 = 0x80133e50
                0x0000000080133ea0                FUN_80133ea0 = 0x80133ea0
                0x0000000080133ef0                FUN_80133ef0 = 0x80133ef0
                0x0000000080133f40                PS1_TOUCHE_0x9 = 0x80133f40
                0x0000000080133f90                FUN_80133f90 = 0x80133f90
                0x0000000080133fe0                FUN_80133fe0 = 0x80133fe0
                0x0000000080134030                PS1_TOUCHE_0xA = 0x80134030
                0x0000000080134080                FUN_80134080 = 0x80134080
                0x00000000801340d0                PS1_TOUCHE_0xE = 0x801340d0
                0x0000000080134120                PS1_TOUCHE_0xC = 0x80134120
                0x0000000080134170                PS1_TOUCHE_0xB = 0x80134170
                0x00000000801341c0                PS1_TOUCHE_0xF = 0x801341c0
                0x0000000080134210                PS1_TOUCHE_0x12 = 0x80134210
                0x0000000080134260                PS1_TOUCHE_0x13 = 0x80134260
                0x00000000801342b0                PS1_TOUCHE_0x14 = 0x801342b0
                0x0000000080134300                PS1_TOUCHE_0x15 = 0x80134300
                0x0000000080134350                PS1_TOUCHE_0x16 = 0x80134350
                0x00000000801343a0                PS1_TOUCHE_0x17 = 0x801343a0
                0x00000000801343f0                PS1_TOUCHE_0x18 = 0x801343f0
                0x0000000080134440                FUN_80134440 = 0x80134440
                0x0000000080134490                FUN_80134490 = 0x80134490
                0x00000000801344e0                PS1_TOUCHE_0x10 = 0x801344e0
                0x0000000080134530                FUN_80134530 = 0x80134530
                0x0000000080134580                ValidButPressed = 0x80134580
                0x00000000801345a4                StartButPressed = 0x801345a4
                0x00000000801345c8                FUN_801345c8 = 0x801345c8
                0x00000000801345ec                SelectButPressed = 0x801345ec
                0x0000000080134610                FUN_80134610 = 0x80134610
                0x000000008013491c                FUN_8013491c = 0x8013491c
                0x0000000080134a00                PS1_DoDemo = 0x80134a00
                0x0000000080134be0                FUN_80134be0 = 0x80134be0
                0x0000000080134c14                TOUCHE = 0x80134c14
                0x0000000080135300                PS1_SpecialTOUCHE = 0x80135300
                0x000000008013533c                PS1_LoadFondSprites = 0x8013533c
                0x00000000801356e0                PS1_LoadFondDataAndPalettes = 0x801356e0
                0x0000000080135930                PS1_LoadFond = 0x80135930
                0x0000000080135ab0                FUN_80135ab0 = 0x80135ab0
                0x0000000080135d5c                FUN_80135d5c = 0x80135d5c
                0x000000008013613c                FUN_8013613c = 0x8013613c
                0x0000000080136340                FUN_80136340 = 0x80136340
                0x00000000801366ac                FUN_801366ac = 0x801366ac
                0x000000008013733c                PS1_DisplayFondSprites = 0x8013733c
                0x0000000080137998                FUN_80137998 = 0x80137998
                0x00000000801379f8                FUN_801379f8 = 0x801379f8
                0x0000000080137a4c                FUN_80137a4c = 0x80137a4c
                0x0000000080137a58                DRAW_MAP = 0x80137a58
                0x0000000080137cc8                FUN_80137cc8 = 0x80137cc8
                0x0000000080138338                allume_vitraux = 0x80138338
                0x0000000080138360                FUN_80138360 = 0x80138360
                0x0000000080138718                FUN_80138718 = 0x80138718
                0x0000000080138b84                FUN_80138b84 = 0x80138b84
                0x0000000080139014                FUN_80139014 = 0x80139014
                0x00000000801392c8                FUN_801392c8 = 0x801392c8
                0x00000000801392d0                FUN_801392d0 = 0x801392d0
                0x00000000801392d8                FUN_801392d8 = 0x801392d8
                0x0000000080139330                FUN_80139330 = 0x80139330
                0x00000000801393c8                FUN_801393c8 = 0x801393c8
                0x0000000080139424                PS1_LoadAllFixTextures = 0x80139424
                0x000000008013948c                FUN_8013948c = 0x8013948c
                0x0000000080139514                FUN_80139514 = 0x80139514
                0x00000000801395a8                FUN_801395a8 = 0x801395a8
                0x0000000080139624                FUN_80139624 = 0x80139624
                0x0000000080139688                FUN_80139688 = 0x80139688
                0x00000000801397f4                FUN_801397f4 = 0x801397f4
                0x0000000080139b40                PS1_DrawSprite = 0x80139b40
                0x0000000080139b70                PS1_DrawScaledSprite = 0x80139b70
                0x0000000080139d5c                FUN_80139d5c = 0x80139d5c
                0x0000000080139f04                PS1_DrawRay = 0x80139f04
                0x000000008013a454                display_sprite_NoClip = 0x8013a454
                0x000000008013a49c                display2 = 0x8013a49c
                0x000000008013a770                DISPLAY_POING = 0x8013a770
                0x000000008013a7b8                DISPLAY_CLING = 0x8013a7b8
                0x000000008013a880                display_bar_boss = 0x8013a880
                0x000000008013ab14                DISPLAY_FIXE = 0x8013ab14
                0x000000008013ad54                FUN_8013ad54 = 0x8013ad54
                0x000000008013aeac                DrawWldPointPlan2Normal = 0x8013aeac
                0x000000008013af14                FUN_8013af14 = 0x8013af14
                0x000000008013af40                DISPLAY_POINT = 0x8013af40
                0x000000008013af90                DISPLAY_PTS_TO_PLAN2 = 0x8013af90
                0x000000008013b020                DISPLAY_PLATEAU = 0x8013b020
                0x000000008013b040                draw_flocon1_Normal = 0x8013b040
                0x000000008013b0c0                draw_flocon2_Normal = 0x8013b0c0
                0x000000008013b144                draw_flocon3_Normal = 0x8013b144
                0x000000008013b1b4                draw_flocon4_Normal = 0x8013b1b4
                0x000000008013b224                draw_flocon5_Normal = 0x8013b224
                0x000000008013b294                FUN_8013b294 = 0x8013b294
                0x000000008013b304                FUN_8013b304 = 0x8013b304
                0x000000008013b374                draw_pluie4_Normal = 0x8013b374
                0x000000008013b3f8                draw_pluie5_Normal = 0x8013b3f8
                0x000000008013b464                draw_pluie6_Normal = 0x8013b464
                0x000000008013b4d4                FUN_8013b4d4 = 0x8013b4d4
                0x000000008013b544                display_flocons_behind = 0x8013b544
                0x000000008013bbd0                display_flocons_before = 0x8013bbd0
                0x000000008013bf40                display_pix_gerbes = 0x8013bf40
                0x000000008013c1b4                DISPLAY_CYMBALE = 0x8013c1b4
                0x000000008013c2bc                DISPLAY_ALL_OBJECTS = 0x8013c2bc
                0x000000008013c918                PS1_deter_num_let_old = 0x8013c918
                0x000000008013c9a4                PS1_calc_let_Width = 0x8013c9a4
                0x000000008013ca14                calc_let_Width = 0x8013ca14
                0x000000008013ca44                PS1_CalcTextWidth = 0x8013ca44
                0x000000008013cad0                PS1_DisplayCenteredText = 0x8013cad0
                0x000000008013cb5c                PS1_DisplayMultipleCenteredText = 0x8013cb5c
                0x000000008013cc5c                DrawFondBoxNormal = 0x8013cc5c
                0x000000008013cf5c                DrawBlackBoxNormal = 0x8013cf5c
                0x000000008013d21c                DISPLAY_BLACKBOX = 0x8013d21c
                0x000000008013d288                display_text_sin = 0x8013d288
                0x000000008013da5c                display_text = 0x8013da5c
                0x000000008013e190                display_box_text = 0x8013e190
                0x000000008013e238                CLRSCR = 0x8013e238
                0x000000008013e26c                display_etoile = 0x8013e26c
                0x000000008013e408                display_grp_stars = 0x8013e408
                0x000000008013e520                DISPLAY_TEXT_FEE = 0x8013e520
                0x000000008013e84c                DisplayJumellesNormal = 0x8013e84c
                0x000000008013eb38                FUN_8013eb38 = 0x8013eb38
                0x000000008013eb88                DISPLAY_SAVE_SPRITES = 0x8013eb88
                0x000000008013f0c0                DISPLAY_SAVE_POING = 0x8013f0c0
                0x000000008013f1d8                display_time = 0x8013f1d8
                0x000000008013f460                FUN_8013f460 = 0x8013f460
                0x000000008013f7fc                DISPLAY_CONTINUE_SPR = 0x8013f7fc
                0x000000008013f8f8                FUN_8013f8f8 = 0x8013f8f8
                0x000000008013f950                FUN_8013f950 = 0x8013f950
                0x000000008013f9f0                PS1_SetZDC = 0x8013f9f0
                0x000000008013fa48                PS1_SetTypeZDC = 0x8013fa48
                0x000000008013fa70                get_nb_zdc = 0x8013fa70
                0x000000008013fa7c                get_zdc_index = 0x8013fa7c
                0x000000008013fa88                get_zdc = 0x8013fa88
                0x000000008013fad0                get_ZDCPTR = 0x8013fad0
                0x000000008013fae0                in_coll_sprite_list = 0x8013fae0
                0x000000008013fc3c                box_inter_v_line = 0x8013fc3c
                0x000000008013fcdc                box_inter_h_line = 0x8013fcdc
                0x000000008013fd7c                inter_box = 0x8013fd7c
                0x000000008013fe00                GET_OBJ_ZDC = 0x8013fe00
                0x0000000080140834                GET_SPRITE_ZDC = 0x80140834
                0x0000000080140bf8                BOX_HIT_SPECIAL_ZDC = 0x80140bf8
                0x0000000080140fe4                BOX_IN_COLL_ZONES = 0x80140fe4
                0x0000000080141538                COLL_BOX_SPRITE = 0x80141538
                0x0000000080141618                CHECK_BOX_COLLISION = 0x80141618
                0x0000000080141708                possible_sprite = 0x80141708
                0x000000008014191c                setToleranceDist = 0x8014191c
                0x0000000080141a28                SET_RAY_DIST_MULTISPR_CANTCHANGE = 0x80141a28
                0x0000000080141d94                SET_RAY_DIST_PI = 0x80141d94
                0x0000000080141e6c                SET_RAY_DIST_BAG = 0x80141e6c
                0x0000000080141f98                SET_RAY_DIST = 0x80141f98
                0x00000000801420fc                do_boum = 0x801420fc
                0x00000000801421a0                DO_PNG_COLL_STONEMAN = 0x801421a0
                0x00000000801422c4                DO_PNG_COLL_STONEWOMAN = 0x801422c4
                0x00000000801423bc                DO_POING_COLLISION = 0x801423bc
                0x000000008014386c                COLL_BOX_ALL_SPRITES = 0x8014386c
                0x00000000801439b4                COLL_RAY_PIC = 0x801439b4
                0x0000000080143bd0                COLL_RAY_BLK_MORTEL = 0x80143bd0
                0x0000000080143db0                RAY_KO = 0x80143db0
                0x0000000080143df4                RAY_HIT = 0x80143df4
                0x0000000080144254                standard_frontZone = 0x80144254
                0x00000000801442b4                SET_DETECT_ZONE_FLAG = 0x801442b4
                0x00000000801449d8                goToRay = 0x801449d8
                0x0000000080144b04                unleashMonsterHost = 0x80144b04
                0x0000000080144c00                DO_COLL_RAY_CYMBALE = 0x80144c00
                0x000000008014501c                DoAudioStartRaymanCollision = 0x8014501c
                0x000000008014503c                PS1_DoRaymanCollision = 0x8014503c
                0x00000000801458ac                DO_COLLISIONS = 0x801458ac
                0x00000000801460c0                DO_OBJ_COLLISIONS = 0x801460c0
                0x0000000080146530                set2bits = 0x80146530
                0x0000000080146564                read2bits = 0x80146564
                0x00000000801465a0                save_objects_flags = 0x801465a0
                0x0000000080146634                restore_objects_flags = 0x80146634
                0x00000000801466f8                snapToSprite = 0x801466f8
                0x0000000080146b60                findfirstObject = 0x80146b60
                0x0000000080146bb8                findfirstInactiveObject = 0x80146bb8
                0x0000000080146c2c                setbit = 0x80146c2c
                0x0000000080146c54                clearbit = 0x80146c54
                0x0000000080146c80                getbit = 0x80146c80
                0x0000000080146ca4                cosinus = 0x80146ca4
                0x0000000080146cd0                sinus = 0x80146cd0
                0x0000000080146db8                sinYspeed = 0x80146db8
                0x0000000080146e4c                ashl16 = 0x80146e4c
                0x0000000080146e9c                ashr16 = 0x80146e9c
                0x0000000080146eec                ashl32 = 0x80146eec
                0x0000000080146f20                ashr32 = 0x80146f20
                0x0000000080146f54                set_proj_center = 0x80146f54
                0x0000000080146f6c                get_proj_dist = 0x80146f6c
                0x0000000080146ff0                get_proj_dist2 = 0x80146ff0
                0x0000000080147050                get_proj_x = 0x80147050
                0x00000000801470d4                get_proj_y = 0x801470d4
                0x0000000080147158                set_zoom_mode = 0x80147158
                0x0000000080147168                inverse_proj_x = 0x80147168
                0x0000000080147200                inverse_proj_y = 0x80147200
                0x0000000080147298                vblToEOA = 0x80147298
                0x0000000080147330                GET_ANIM_POS = 0x80147330
                0x00000000801473d4                FUN_801473d4 = 0x801473d4
                0x00000000801473dc                FUN_801473dc = 0x801473dc
                0x00000000801473e4                add_actobj = 0x801473e4
                0x0000000080147424                PS1_BTYPAbsPos = 0x80147424
                0x0000000080147450                set_sub_etat = 0x80147450
                0x0000000080147460                set_main_etat = 0x80147460
                0x0000000080147470                set_main_and_sub_etat = 0x80147470
                0x0000000080147484                get_center_x = 0x80147484
                0x00000000801475ec                get_center_y = 0x801475ec
                0x0000000080147780                on_block_chdir = 0x80147780
                0x00000000801477e0                CALC_FOLLOW_SPRITE_SPEED = 0x801477e0
                0x00000000801478e0                GET_SPRITE_POS = 0x801478e0
                0x0000000080147a04                GET_RAY_ZDC = 0x80147a04
                0x0000000080147c4c                GET_BB1_ZDCs = 0x80147c4c
                0x0000000080147de8                myRand = 0x80147de8
                0x0000000080147e74                calc_obj_dir = 0x80147e74
                0x0000000080147ec4                OBJ_IN_ZONE = 0x80147ec4
                0x0000000080147f30                calc_obj_pos = 0x80147f30
                0x0000000080147f5c                makeUturn = 0x80147f5c
                0x00000000801484ac                BTYP = 0x801484ac
                0x0000000080148538                calc_btyp_square = 0x80148538
                0x0000000080148710                DO_OBJ_REBOND_EN_X = 0x80148710
                0x0000000080148780                calc_btyp = 0x80148780
                0x0000000080148bb8                init_obj_in_the_air = 0x80148bb8
                0x0000000080148bc4                make_my_fruit_go_down = 0x80148bc4
                0x0000000080148c94                allocate_toons = 0x80148c94
                0x0000000080148f9c                special_flags_init = 0x80148f9c
                0x0000000080149094                switchOff = 0x80149094
                0x000000008014918c                obj_hurt = 0x8014918c
                0x00000000801491d0                Projectil_to_RM = 0x801491d0
                0x0000000080149500                del_actobj = 0x80149500
                0x0000000080149610                INIT_TEXT_TO_DISPLAY = 0x80149610
                0x0000000080149668                deter_num_let = 0x80149668
                0x00000000801497b4                calc_num_let_spr = 0x801497b4
                0x00000000801497dc                calc_largmax_text = 0x801497dc
                0x00000000801498c8                INIT_TXT_BOX = 0x801498c8
                0x0000000080149b9c                Deter_Option_Caract = 0x80149b9c
                0x0000000080149c98                SwapAB = 0x80149c98
                0x0000000080149cac                Bresenham = 0x80149cac
                0x000000008014a20c                LOAD_CONFIG = 0x8014a20c
                0x000000008014a2a8                init_finBossLevel = 0x8014a2a8
                0x000000008014a2cc                Change_Wait_Anim = 0x8014a2cc
                0x000000008014a32c                PS1_SetSauveRayEvts = 0x8014a32c
                0x000000008014a43c                PS1_RestoreSauveRayEvts = 0x8014a43c
                0x000000008014a54c                pmamaFollowsShip = 0x8014a54c
                0x000000008014a5b0                init_couteaux = 0x8014a5b0
                0x000000008014a6fc                reset_couteaux = 0x8014a6fc
                0x000000008014a73c                check_couteaux = 0x8014a73c
                0x000000008014a7d4                find_couteau = 0x8014a7d4
                0x000000008014a7f4                x_pos = 0x8014a7f4
                0x000000008014a890                y_pos = 0x8014a890
                0x000000008014a8bc                y_floor = 0x8014a8bc
                0x000000008014a974                init_move_couteau = 0x8014a974
                0x000000008014abe8                init_lance_couteau = 0x8014abe8
                0x000000008014afec                couteau_frame = 0x8014afec
                0x000000008014b0ac                FUN_8014b0ac = 0x8014b0ac
                0x000000008014b0e0                get_cou_zdc = 0x8014b0e0
                0x000000008014b498                pma_attaque_suivante = 0x8014b498
                0x000000008014b6dc                convertspeed = 0x8014b6dc
                0x000000008014b708                lance_couteau_parabolique = 0x8014b708
                0x000000008014b8d8                lance_couteau_droit = 0x8014b8d8
                0x000000008014bbc4                retour_couteau = 0x8014bbc4
                0x000000008014bef4                PS1_retour_couteau_old = 0x8014bef4
                0x000000008014c1b8                lance_couteau_lineaire = 0x8014c1b8
                0x000000008014cb38                DO_COU_COMMAND = 0x8014cb38
                0x000000008014ce94                calc_pma_dir = 0x8014ce94
                0x000000008014cef0                DO_PMA_COMMAND = 0x8014cef0
                0x000000008014d778                init_mama_pirate = 0x8014d778
                0x000000008014d85c                PMA_SORT_DU_CANON = 0x8014d85c
                0x000000008014d8ac                DO_PMA_POING_COLLISION = 0x8014d8ac
                0x000000008014d918                pma_get_eject_sens = 0x8014d918
                0x000000008014d92c                DO_COU_ATTER = 0x8014d92c
                0x000000008014da9c                DO_PMA_ATTER = 0x8014da9c
                0x000000008014db90                _card_clear = 0x8014db90
                0x000000008014dbc4                INIT_HORLOGES = 0x8014dbc4
                0x000000008014dbf8                horloges = 0x8014dbf8
                0x000000008014dc88                PS1_InitAllowedTime = 0x8014dc88
                0x000000008014e088                get_allowed_time = 0x8014e088
                0x000000008014e0c4                calc_left_time = 0x8014e0c4
                0x000000008014e218                fades = 0x8014e218
                0x000000008014e27c                FUN_8014e27c = 0x8014e27c
                0x000000008014e35c                frapsol = 0x8014e35c
                0x000000008014e398                DO_SCREEN_TREMBLE = 0x8014e398
                0x000000008014e414                DO_SCREEN_TREMBLE3 = 0x8014e414
                0x000000008014e47c                DO_SCREEN_TREMBLE2 = 0x8014e47c
                0x000000008014e4e4                DO_SCROLL = 0x8014e4e4
                0x000000008014e73c                allocateLandingSmoke = 0x8014e73c
                0x000000008014e87c                Prio = 0x8014e87c
                0x000000008014e92c                first_obj_init = 0x8014e92c
                0x000000008014eaa0                obj_init = 0x8014eaa0
                0x000000008014f0f8                INIT_OBJECTS = 0x8014f0f8
                0x000000008014fe98                instantSpeed = 0x8014fe98
                0x000000008014ff64                SET_X_SPEED = 0x8014ff64
                0x0000000080150078                REINIT_OBJECT = 0x80150078
                0x00000000801500d0                make_active = 0x801500d0
                0x0000000080150114                in_action_zone = 0x80150114
                0x0000000080150638                kill_obj = 0x80150638
                0x0000000080150660                SET_ACTIVE_FLAG = 0x80150660
                0x0000000080150a14                DO_PESANTEUR = 0x80150a14
                0x0000000080150c5c                FUN_80150c5c = 0x80150c5c
                0x0000000080150d0c                DO_ANIM = 0x80150d0c
                0x000000008015109c                prof_in_bloc = 0x8015109c
                0x00000000801510d0                do_boing = 0x801510d0
                0x0000000080151258                underSlope = 0x80151258
                0x00000000801512ac                DO_STONEBOMB_REBOND = 0x801512ac
                0x00000000801513c4                DO_THROWN_BOMB_REBOND = 0x801513c4
                0x0000000080151808                DO_FRUIT_REBOND = 0x80151808
                0x0000000080151cf8                Drop_Atter = 0x80151cf8
                0x0000000080151d2c                BadGuyAtter = 0x80151d2c
                0x0000000080151df8                MiteAtter = 0x80151df8
                0x0000000080151e58                Clown_Music_Atter = 0x80151e58
                0x0000000080151f1c                LidolPinkAtter = 0x80151f1c
                0x0000000080151f90                stoneDogAtter = 0x80151f90
                0x0000000080151fd0                stoneDogBounces = 0x80151fd0
                0x0000000080152198                Spider_Atter = 0x80152198
                0x00000000801521ec                trompetteAtter = 0x801521ec
                0x0000000080152220                NormalAtter = 0x80152220
                0x0000000080152258                OBJ_IN_THE_AIR = 0x80152258
                0x0000000080152c58                test_fall_in_water = 0x80152c58
                0x0000000080152d5c                MOVE_OBJECT = 0x80152d5c
                0x0000000080153060                DO_RAY_IN_ZONE = 0x80153060
                0x0000000080153bb4                DO_ONE_OBJECT = 0x80153bb4
                0x0000000080153da4                fptr_init = 0x80153da4
                0x0000000080154764                build_active_table = 0x80154764
                0x00000000801549d4                Add_One_RAY_lives = 0x801549d4
                0x0000000080154a2c                DO_CLING_ANIMS = 0x80154a2c
                0x0000000080154cd4                DO_OBJECTS_ANIMS = 0x80154cd4
                0x0000000080154d94                DO_OBJECTS = 0x80154d94
                0x000000008015508c                MOVE_OBJECTS = 0x8015508c
                0x0000000080155130                RECALE_ALL_OBJECTS = 0x80155130
                0x0000000080155264                RayCoince = 0x80155264
                0x0000000080155634                move_up_ray = 0x80155634
                0x0000000080155764                move_down_ray = 0x80155764
                0x000000008015583c                RecaleRayPosInJumelle = 0x8015583c
                0x0000000080155e90                RAY_TO_THE_RIGHT = 0x80155e90
                0x0000000080155f6c                RAY_TO_THE_LEFT = 0x80155f6c
                0x0000000080156040                FUN_80156040 = 0x80156040
                0x00000000801560d8                TEST_FIN_FOLLOW = 0x801560d8
                0x00000000801562a8                RAY_FOLLOW = 0x801562a8
                0x00000000801563e8                DO_FIXE = 0x801563e8
                0x000000008015653c                deactivate_ship_links = 0x8015653c
                0x00000000801565ec                linkListHoldsAGendoor = 0x801565ec
                0x000000008015666c                FUN_8015666c = 0x8015666c
                0x0000000080156710                FUN_80156710 = 0x80156710
                0x0000000080156828                correct_gendoor_link = 0x80156828
                0x00000000801569c0                suppressFromLinkList = 0x801569c0
                0x0000000080156a98                correct_link = 0x80156a98
                0x0000000080156b98                INIT_RAY_BEGIN = 0x80156b98
                0x0000000080156c0c                INIT_RAY = 0x80156c0c
                0x0000000080157098                is_icy_pente = 0x80157098
                0x00000000801570d0                STOPPE_RAY_EN_XY = 0x801570d0
                0x00000000801572f8                RAY_RESPOND_TO_ALL_DIRS = 0x801572f8
                0x0000000080157660                DO_RAYMAN = 0x80157660
                0x00000000801581ac                DO_RAY_ON_MS = 0x801581ac
                0x000000008015871c                DO_PLACE_RAY = 0x8015871c
                0x00000000801588a4                DO_AUTO_SCROLL = 0x801588a4
                0x0000000080158bec                do_perfect_bonus = 0x80158bec
                0x0000000080158fc4                INIT_MOTEUR = 0x80158fc4
                0x00000000801593c8                INIT_MOTEUR_BEGIN = 0x801593c8
                0x00000000801594e8                INIT_MOTEUR_WORLD = 0x801594e8
                0x0000000080159504                INIT_MOTEUR_LEVEL = 0x80159504
                0x0000000080159630                restore_gendoor_link = 0x80159630
                0x00000000801597ec                DONE_MOTEUR_LEVEL = 0x801597ec
                0x00000000801599a0                INIT_MOTEUR_DEAD = 0x801599a0
                0x00000000801599dc                INIT_RAY_ON_MS = 0x801599dc
                0x0000000080159b14                PS1_SetWindForce = 0x80159b14
                0x0000000080159b54                DO_MOTEUR = 0x80159b54
                0x0000000080159c5c                DO_MOTEUR2 = 0x80159c5c
                0x000000008015a258                RAY_REVERSE_COMMANDS = 0x8015a258
                0x000000008015a330                RAY_DEMIRAY = 0x8015a330
                0x000000008015a6f0                DO_MOTEUR_GELE = 0x8015a6f0
                0x000000008015a764                FUN_8015a764 = 0x8015a764
                0x000000008015a7b4                get_bonus_map_complete = 0x8015a7b4
                0x000000008015a7ec                set_bonus_map_complete = 0x8015a7ec
                0x000000008015a824                DO_PERFECT_BONUS_MAP = 0x8015a824
                0x000000008015a8c8                DO_WIZ_AFTER_BONUS_MAP = 0x8015a8c8
                0x000000008015a97c                init_bonus_perfect = 0x8015a97c
                0x000000008015a9a0                allocateGrille = 0x8015a9a0
                0x000000008015aa60                new_level_init = 0x8015aa60
                0x000000008015aab4                fix_numlevel = 0x8015aab4
                0x000000008015b554                TEST_SIGNPOST = 0x8015b554
                0x000000008015bae0                DO_WIZARD = 0x8015bae0
                0x000000008015bca8                get_next_bonus_level = 0x8015bca8
                0x000000008015bdbc                TEST_WIZARD = 0x8015bdbc
                0x000000008015c29c                allocate_splash = 0x8015c29c
                0x000000008015c418                can_free_fish = 0x8015c418
                0x000000008015c4b8                DESACTIVE_FISH_COLLIS = 0x8015c4b8
                0x000000008015c5a4                DO_PYRANHA = 0x8015c5a4
                0x000000008015c8a0                DO_BALLE = 0x8015c8a0
                0x000000008015c918                setStoneChipPos = 0x8015c918
                0x000000008015cbb0                allocateStoneChips = 0x8015cbb0
                0x000000008015cd14                DO_STONE_EXPLOSION = 0x8015cd14
                0x000000008015ce08                DO_TIR = 0x8015ce08
                0x000000008015d0c4                allocateStonemanStone = 0x8015d0c4
                0x000000008015d4dc                DO_STONEMAN1_TIR = 0x8015d4dc
                0x000000008015d6c0                DO_STONEMAN2_TIR = 0x8015d6c0
                0x000000008015d87c                allocateStonewomanStone = 0x8015d87c
                0x000000008015dbe4                DO_STONEWOMAN_TIR = 0x8015dbe4
                0x000000008015ddb0                allocateDard = 0x8015ddb0
                0x000000008015df38                DO_SPIDER_TIR = 0x8015df38
                0x000000008015df9c                DO_INTERACT_PLAT = 0x8015df9c
                0x000000008015e0e8                DO_TARZAN = 0x8015e0e8
                0x000000008015e214                oldest_planted = 0x8015e214
                0x000000008015e390                DO_GROWING_PLATFORM = 0x8015e390
                0x000000008015e4d8                DO_BIG_CLOWN_ATTAK = 0x8015e4d8
                0x000000008015e5c8                allocatedrop = 0x8015e5c8
                0x000000008015e774                DO_WAT_CLOWN_ATTAK = 0x8015e774
                0x000000008015e804                trompetteWind = 0x8015e804
                0x000000008015e9cc                DO_TRP_ATTAK = 0x8015e9cc
                0x000000008015ea7c                allocateEclatPS = 0x8015ea7c
                0x000000008015ebe0                DO_PI_EXPLOSION = 0x8015ebe0
                0x000000008015ee10                DO_CLOWN_TNT_ATTACK = 0x8015ee10
                0x000000008015f068                allocate_badguy = 0x8015f068
                0x000000008015f1ec                allocateExplosion = 0x8015f1ec
                0x000000008015f320                BombExplosion = 0x8015f320
                0x000000008015f35c                MARACAS_GO = 0x8015f35c
                0x000000008015f488                ANGLE_RAYMAN = 0x8015f488
                0x000000008015f654                allocateNOVA = 0x8015f654
                0x000000008015f728                DO_NOVA = 0x8015f728
                0x000000008015f834                DO_NOVA2 = 0x8015f834
                0x000000008015f9f4                NOVA_STATUS_BAR = 0x8015f9f4
                0x000000008015fa64                add_one_floc = 0x8015fa64
                0x000000008015fb24                add_256_flocs = 0x8015fb24
                0x000000008015fb8c                sub_one_floc = 0x8015fb8c
                0x000000008015fc88                init_flocons = 0x8015fc88
                0x000000008015ff18                do_flocons = 0x8015ff18
                0x00000000801603e0                set_snow_sequence = 0x801603e0
                0x0000000080160410                set_SNSEQ_list = 0x80160410
                0x0000000080160964                DO_SNOW_SEQUENCE = 0x80160964
                0x0000000080160ba8                DO_REDEYE_FIRE = 0x80160ba8
                0x0000000080160ee4                calc_esquive_poing = 0x80160ee4
                0x0000000080160ff4                DO_PTI_ESQUIVE = 0x80160ff4
                0x000000008016116c                DO_MITE2_ESQUIVE = 0x8016116c
                0x000000008016135c                allocate_gerbe = 0x8016135c
                0x00000000801613e0                start_pix_gerbe = 0x801613e0
                0x0000000080161510                do_pix_gerbes = 0x80161510
                0x0000000080161678                START_2_PARTS_CYMBAL_ACTION = 0x80161678
                0x0000000080161708                DO_CAGE2 = 0x80161708
                0x0000000080161718                DO_CAGE = 0x80161718
                0x00000000801617a0                DO_MEDAILLON_TOON = 0x801617a0
                0x0000000080161850                DO_MEDAILLON_TOON_GELE = 0x80161850
                0x00000000801619e8                ALLOCATE_MEDAILLON_TOON = 0x801619e8
                0x0000000080161b84                INIT_LUCIOLE = 0x80161b84
                0x0000000080161c4c                DO_LUCIOLE = 0x80161c4c
                0x0000000080161f38                ChangeLevel = 0x80161f38
                0x0000000080161f6c                INIT_TXT_FEE = 0x80161f6c
                0x000000008016209c                allocate_poing_or_fee = 0x8016209c
                0x000000008016214c                init_moustique = 0x8016214c
                0x0000000080162194                init_fee = 0x80162194
                0x0000000080163350                DO_CORDE_CASSE = 0x80163350
                0x0000000080163484                DO_FUMEE_CORDE = 0x80163484
                0x0000000080163510                GetY = 0x80163510
                0x00000000801636cc                allocateSupHelico = 0x801636cc
                0x00000000801637c4                allocatePaillette = 0x801637c4
                0x00000000801638b8                test_fin_cling = 0x801638b8
                0x0000000080163970                initGameSave = 0x80163970
                0x0000000080163980                doneGameSave = 0x80163980
                0x0000000080163990                saveGameState = 0x80163990
                0x0000000080163c84                restoreGameState = 0x80163c84
                0x00000000801641c0                PS1_PhotographerCollision = 0x801641c0
                0x0000000080164420                get_offset_in_save_zone = 0x80164420
                0x00000000801644e4                reset_save_zone_level = 0x801644e4
                0x0000000080164524                take_bonus = 0x80164524
                0x0000000080164598                bonus_taken = 0x80164598
                0x00000000801645fc                FUN_801645fc = 0x801645fc
                0x00000000801646d4                FUN_801646d4 = 0x801646d4
                0x00000000801647ac                DO_SPECIAL_PLATFORM = 0x801647ac
                0x0000000080165884                FUN_80165884 = 0x80165884
                0x00000000801658e0                FUN_801658e0 = 0x801658e0
                0x0000000080165990                manage_snd_event = 0x80165990
                0x0000000080165a24                PS1_LoadAllFixSound = 0x80165a24
                0x0000000080165c5c                FUN_80165c5c = 0x80165c5c
                0x0000000080165eb4                PS1_PlaySnd = 0x80165eb4
                0x0000000080165f78                PS1_StopPlayingSnd = 0x80165f78
                0x0000000080165fcc                FUN_80165fcc = 0x80165fcc
                0x0000000080166018                FUN_80166018 = 0x80166018
                0x0000000080166060                FUN_80166060 = 0x80166060
                0x00000000801660ac                FUN_801660ac = 0x801660ac
                0x00000000801660e8                FUN_801660e8 = 0x801660e8
                0x0000000080166124                stop_all_snd = 0x80166124
                0x000000008016617c                FUN_8016617c = 0x8016617c
                0x000000008016620c                get_pan_snd = 0x8016620c
                0x000000008016626c                get_vol_snd = 0x8016626c
                0x000000008016633c                PS1_SetSoundVolume = 0x8016633c
                0x000000008016639c                PS1_SetStereoEnabled = 0x8016639c
                0x00000000801663d4                FUN_801663d4 = 0x801663d4
                0x0000000080166578                FUN_80166578 = 0x80166578
                0x00000000801665a8                last_snd = 0x801665a8
                0x0000000080166690                get_pile_obj = 0x80166690
                0x0000000080166724                FUN_80166724 = 0x80166724
                0x0000000080166790                FUN_80166790 = 0x80166790
                0x00000000801667fc                get_voice_obj_snd = 0x801667fc
                0x0000000080166894                erase_pile_snd = 0x80166894
                0x0000000080166aac                nettoie_pile_snd = 0x80166aac
                0x0000000080166d20                FUN_80166d20 = 0x80166d20
                0x0000000080166d88                FUN_80166d88 = 0x80166d88
                0x0000000080166e1c                FUN_80166e1c = 0x80166e1c
                0x0000000080166e58                FUN_80166e58 = 0x80166e58
                0x0000000080166e94                PlaySnd = 0x80166e94
                0x0000000080167c00                PlaySnd_old = 0x80167c00
                0x0000000080167fb0                setvol = 0x80167fb0
                0x0000000080168dd0                setpan = 0x80168dd0
                0x0000000080168f38                FUN_80168f38 = 0x80168f38
                0x0000000080168f40                FUN_80168f40 = 0x80168f40
                0x0000000080168f48                FUN_80168f48 = 0x80168f48
                0x0000000080169194                FUN_80169194 = 0x80169194
                0x000000008016924c                FUN_8016924c = 0x8016924c
                0x000000008016929c                PS1_OnPauseOn = 0x8016929c
                0x0000000080169350                PS1_OnPauseOff = 0x80169350
                0x0000000080169420                FUN_80169420 = 0x80169420
                0x0000000080169564                FUN_80169564 = 0x80169564
                0x00000000801695ec                FUN_801695ec = 0x801695ec
                0x0000000080169a3c                FUN_80169a3c = 0x80169a3c
                0x0000000080169b64                INIT_FADE_OUT = 0x80169b64
                0x0000000080169ba8                INIT_FADE_IN = 0x80169ba8
                0x0000000080169be4                FUN_80169be4 = 0x80169be4
                0x0000000080169dd0                FUN_80169dd0 = 0x80169dd0
                0x0000000080169df8                DO_FADE_OUT = 0x80169df8
                0x0000000080169e50                FUN_80169e50 = 0x80169e50
                0x000000008016a27c                PS1_InitPAD = 0x8016a27c
                0x000000008016a304                FUN_8016a304 = 0x8016a304
                0x000000008016a384                FUN_8016a384 = 0x8016a384
                0x000000008016a3dc                FUN_8016a3dc = 0x8016a3dc
                0x000000008016a45c                FUN_8016a45c = 0x8016a45c
                0x000000008016a4b4                FUN_8016a4b4 = 0x8016a4b4
                0x000000008016a634                FUN_8016a634 = 0x8016a634
                0x000000008016a790                FUN_8016a790 = 0x8016a790
                0x000000008016a87c                FUN_8016a87c = 0x8016a87c
                0x000000008016aa70                FUN_8016aa70 = 0x8016aa70
                0x000000008016aaf4                FUN_8016aaf4 = 0x8016aaf4
                0x000000008016ac64                PS1_WriteSave = 0x8016ac64
                0x000000008016b2e8                FUN_8016b2e8 = 0x8016b2e8
                0x000000008016b3fc                SaveGameOnDisk = 0x8016b3fc
                0x000000008016b4a0                SaveFileRead = 0x8016b4a0
                0x000000008016b524                PS1_LoadSave = 0x8016b524
                0x000000008016b8e4                LoadGameOnDisk = 0x8016b8e4
                0x000000008016b934                LoadInfoGame = 0x8016b934
                0x000000008016bbe4                FUN_8016bbe4 = 0x8016bbe4
                0x000000008016bc88                FUN_8016bc88 = 0x8016bc88
                0x000000008016bdc4                FUN_8016bdc4 = 0x8016bdc4
                0x000000008016bdf4                FUN_8016bdf4 = 0x8016bdf4
                0x000000008016be18                FUN_8016be18 = 0x8016be18
                0x000000008016be7c                FUN_8016be7c = 0x8016be7c
                0x000000008016be9c                FUN_8016be9c = 0x8016be9c
                0x000000008016bec0                FUN_8016bec0 = 0x8016bec0
                0x000000008016bef0                fist_U_turn = 0x8016bef0
                0x000000008016bfd4                CALC_FIST_POS = 0x8016bfd4
                0x000000008016c028                RAY_THROW_FIST = 0x8016c028
                0x000000008016c4fc                RAY_PREPARE_FIST = 0x8016c4fc
                0x000000008016c61c                RAY_GROW_FIST = 0x8016c61c
                0x000000008016c654                fin_poing_follow = 0x8016c654
                0x000000008016c71c                POING_FOLLOW = 0x8016c71c
                0x000000008016c79c                alter_fist_speed = 0x8016c79c
                0x000000008016c814                switch_off_fist = 0x8016c814
                0x000000008016c878                DO_POING = 0x8016c878
                0x000000008016cbc8                allocatePoingBoum = 0x8016cbc8
                0x000000008016cd28                PS1_DisplayVRAM = 0x8016cd28
                0x000000008016cfa4                test_allowed = 0x8016cfa4
                0x000000008016d00c                obj_jump = 0x8016d00c
                0x000000008016d120                DO_ONE_PINK_CMD = 0x8016d120
                0x000000008016d418                FUN_8016d418 = 0x8016d418
                0x000000008016d574                DO_SPIDER_COMMAND = 0x8016d574
                0x000000008016d774                DO_STONEMAN_COMMAND = 0x8016d774
                0x000000008016d890                DO_STONEDOG_COMMAND = 0x8016d890
                0x000000008016db20                DO_MOVING_PLATFORM_COMMAND = 0x8016db20
                0x000000008016dbe0                DO_TRP_COMMAND = 0x8016dbe0
                0x000000008016dcfc                DO_ONE_CMD_WAIT = 0x8016dcfc
                0x000000008016dd6c                DO_ONE_CMD_LR_ATTENTE = 0x8016dd6c
                0x000000008016deec                DO_ONE_CMD_UPDOWN = 0x8016deec
                0x000000008016dffc                special_pour_liv = 0x8016dffc
                0x000000008016e044                DO_ONE_CMD = 0x8016e044
                0x000000008016e15c                DO_ONE_STONECHIP_COMMAND = 0x8016e15c
                0x000000008016e274                DO_STONEBOMB_COMMAND = 0x8016e274
                0x000000008016e374                DO_CYMBAL_COMMAND = 0x8016e374
                0x000000008016e878                DO_2_PARTS_CYMBAL = 0x8016e878
                0x000000008016edbc                DO_TEN_COMMAND = 0x8016edbc
                0x000000008016f05c                mite_esquive_poing = 0x8016f05c
                0x000000008016f21c                HAS_MIT_JUMP = 0x8016f21c
                0x000000008016f2cc                ray_over_mit = 0x8016f2cc
                0x000000008016f30c                fix_mit_Xspeed = 0x8016f30c
                0x000000008016f4fc                DO_MIT_ATTAK = 0x8016f4fc
                0x000000008016f954                IS_MIT_PAF = 0x8016f954
                0x000000008016fba0                DO_MIT_COMMAND = 0x8016fba0
                0x0000000080170208                DO_MITE2_COMMAND = 0x80170208
                0x0000000080170440                DO_ROLL_EYES = 0x80170440
                0x00000000801707cc                FUN_801707cc = 0x801707cc
                0x0000000080170ac8                DO_BAG1_COMMAND = 0x80170ac8
                0x0000000080170ba0                DO_CLOWN_TNT_COMMAND = 0x80170ba0
                0x0000000080170e54                DO_CLOWN_TNT2_COMMAND = 0x80170e54
                0x0000000080170f80                DO_CLOWN_TNT3_COMMAND = 0x80170f80
                0x0000000080171178                DO_ECLAIR_COMMAND = 0x80171178
                0x0000000080171388                MarCoince = 0x80171388
                0x000000008017174c                DO_MOVE_MARACAS_COMMAND = 0x8017174c
                0x00000000801719c8                DO_BB1_PLAT_CMD = 0x801719c8
                0x00000000801719f4                DO_FLASH_COMMAND = 0x801719f4
                0x0000000080171b54                DO_MST_SCROLL_COMMAND = 0x80171b54
                0x0000000080171dac                DO_MST_CHANGE_COMMAND = 0x80171dac
                0x0000000080171eec                DO_CCL_COMMAND = 0x80171eec
                0x0000000080171fdc                DO_WLKNOT_COMMAND = 0x80171fdc
                0x0000000080172108                ACTIVE_L_EAU = 0x80172108
                0x00000000801722cc                DO_EAU_QUI_MONTE = 0x801722cc
                0x0000000080172704                DO_PHOTOGRAPHE_CMD = 0x80172704
                0x0000000080172788                DO_REDUCTEUR = 0x80172788
                0x00000000801727d0                wait_for_dialogue_fee = 0x801727d0
                0x0000000080172820                DO_FEE_ETAPE = 0x80172820
                0x00000000801729b4                fee_gives_super_evts = 0x801729b4
                0x0000000080172ad0                DO_FEE = 0x80172ad0
                0x0000000080172fdc                IS_STONEWOMAN_WAIT = 0x80172fdc
                0x0000000080173020                DO_STONEWOMAN_COMMAND = 0x80173020
                0x00000000801734b0                DO_NOMOVE_STONEWOMAN_COMMAND = 0x801734b0
                0x0000000080173580                allocateOtherPosts = 0x80173580
                0x000000008017370c                doHerseCommand = 0x8017370c
                0x00000000801737b0                DO_POISSON_VERT_CMD = 0x801737b0
                0x00000000801738cc                DO_POISSON_BLEU_CMD = 0x801738cc
                0x0000000080173b64                doBlackRaymanCommand = 0x80173b64
                0x0000000080174018                DO_POELLE_COMMAND = 0x80174018
                0x0000000080174358                DO_CORDE_COMMAND = 0x80174358
                0x00000000801745f4                DO_PAC_COMMAND = 0x801745f4
                0x00000000801746f8                DO_CFUMEE_COMMAND = 0x801746f8
                0x00000000801747d0                DO_NOVA2_COMMAND = 0x801747d0
                0x00000000801748fc                DO_ENSEIGNE_COMMAND = 0x801748fc
                0x00000000801749fc                doShipCommand = 0x801749fc
                0x0000000080174ce8                DO_BOUEE_JOE_COMMAND = 0x80174ce8
                0x0000000080174d88                DO_JOE_COMMAND = 0x80174d88
                0x0000000080174ee8                DO_DROP_COMMAND = 0x80174ee8
                0x000000008017508c                move_fruit_in_water = 0x8017508c
                0x0000000080175230                DO_FALLING_OBJ_CMD = 0x80175230
                0x00000000801752c4                DO_MUSICIEN = 0x801752c4
                0x0000000080175400                DO_TIRE_BOUCHON_COMMAND = 0x80175400
                0x000000008017542c                DO_PETIT_COUTEAU_COMMAND = 0x8017542c
                0x0000000080175460                DO_BLKTOON_EYES_CMD = 0x80175460
                0x00000000801754dc                INIT_SAXO = 0x801754dc
                0x000000008017557c                allocateNote2 = 0x8017557c
                0x00000000801756e0                DO_EXPLOSE_NOTE2 = 0x801756e0
                0x0000000080175740                DO_NOTE_CMD = 0x80175740
                0x00000000801759c4                Cree_Eclat_Note = 0x801759c4
                0x0000000080175bac                DO_EXPLOSE_NOTE1 = 0x80175bac
                0x0000000080175cf4                BonneNote = 0x80175cf4
                0x0000000080175eb4                DO_NOTE_TOUCHEE = 0x80175eb4
                0x0000000080175f74                DO_NOTE_REBOND = 0x80175f74
                0x0000000080176028                allocateNote = 0x80176028
                0x0000000080176230                PrepareAtak = 0x80176230
                0x00000000801762e0                SAXO_TIRE = 0x801762e0
                0x0000000080176380                DO_SAXO_COUP = 0x80176380
                0x000000008017647c                DO_SAXO2_COUP = 0x8017647c
                0x000000008017657c                SetSaxoCollNoteBox = 0x8017657c
                0x000000008017660c                DO_SAXO_COMMAND = 0x8017660c
                0x00000000801773c4                DO_SAXO_ATTER = 0x801773c4
                0x0000000080177428                DO_SAXO2_COMMAND = 0x80177428
                0x0000000080177bc8                DO_SAXO2_ATTER = 0x80177bc8
                0x0000000080177c48                DO_SAXO_MARCHE = 0x80177c48
                0x0000000080177c5c                DO_SAXO3_COMMAND = 0x80177c5c
                0x0000000080177f58                DO_SAXO3_DEBUT = 0x80177f58
                0x0000000080177f9c                saxo2_get_eject_sens = 0x80177f9c
                0x0000000080177fc0                get_spi_zdc = 0x80177fc0
                0x0000000080178094                DO_SPIDER_PLAFOND = 0x80178094
                0x0000000080178640                DO_SPIDER_PLAFOND_POING_COLLISION = 0x80178640
                0x0000000080178830                SPIDER_PLAFOND_REACT = 0x80178830
                0x0000000080178938                DO_DARD_PLAFOND_ALWAYS = 0x80178938
                0x00000000801790cc                FUN_801790cc = 0x801790cc
                0x0000000080179218                FUN_80179218 = 0x80179218
                0x000000008017a6f8                FUN_8017a6f8 = 0x8017a6f8
                0x000000008017ab8c                FUN_8017ab8c = 0x8017ab8c
                0x000000008017b260                FUN_8017b260 = 0x8017b260
                0x000000008017b2f0                popCmdContext = 0x8017b2f0
                0x000000008017b314                char2short = 0x8017b314
                0x000000008017b330                FUN_8017b330 = 0x8017b330
                0x000000008017b340                readNoArg = 0x8017b340
                0x000000008017b348                readOneArg = 0x8017b348
                0x000000008017b378                readTestArgs = 0x8017b378
                0x000000008017b3e4                readGoXYArgs = 0x8017b3e4
                0x000000008017b460                readSpeedArgs = 0x8017b460
                0x000000008017b500                readInvalidArg = 0x8017b500
                0x000000008017b524                skipNoArg = 0x8017b524
                0x000000008017b52c                skipOneArg = 0x8017b52c
                0x000000008017b544                skipTestArgs = 0x8017b544
                0x000000008017b58c                skipGoXYArgs = 0x8017b58c
                0x000000008017b5a4                skipSpeedArgs = 0x8017b5a4
                0x000000008017b5bc                skipInvalidArg = 0x8017b5bc
                0x000000008017b5e0                handle_GO_WAITSTATE = 0x8017b5e0
                0x000000008017b624                handle_RESERVED_GO_GOSUB = 0x8017b624
                0x000000008017b66c                handle_RESERVED_GO_SKIP_and_RESERVED_GO_GOTO = 0x8017b66c
                0x000000008017b690                handle_RESERVED_GO_BRANCHTRUE = 0x8017b690
                0x000000008017b6c8                handle_RESERVED_GO_BRANCHFALSE = 0x8017b6c8
                0x000000008017b700                handle_RESERVED_GO_SKIPTRUE = 0x8017b700
                0x000000008017b738                handle_RESERVED_GO_SKIPFALSE = 0x8017b738
                0x000000008017b770                handle_SELF_HANDLED = 0x8017b770
                0x000000008017b778                handle_GO_X = 0x8017b778
                0x000000008017b7a4                handle_GO_Y = 0x8017b7a4
                0x000000008017b7d0                handle_GO_GOTO = 0x8017b7d0
                0x000000008017b7f4                handle_GO_STATE = 0x8017b7f4
                0x000000008017b82c                handle_GO_SUBSTATE = 0x8017b82c
                0x000000008017b864                handle_GO_SKIP = 0x8017b864
                0x000000008017b8d0                handle_GO_LABEL = 0x8017b8d0
                0x000000008017b8d8                handle_GO_PREPARELOOP = 0x8017b8d8
                0x000000008017b8fc                handle_GO_GOSUB = 0x8017b8fc
                0x000000008017b938                handle_GO_RETURN = 0x8017b938
                0x000000008017b958                handle_GO_DOLOOP = 0x8017b958
                0x000000008017b9b8                handle_INVALID_CMD = 0x8017b9b8
                0x000000008017b9c8                handle_GO_BRANCHTRUE = 0x8017b9c8
                0x000000008017ba04                handle_GO_BRANCHFALSE = 0x8017ba04
                0x000000008017ba40                handle_GO_SKIPTRUE = 0x8017ba40
                0x000000008017bac0                handle_GO_SKIPFALSE = 0x8017bac0
                0x000000008017bb44                handle_GO_SETTEST = 0x8017bb44
                0x000000008017bb6c                handle_GO_TEST = 0x8017bb6c
                0x000000008017bd28                readOneCommand = 0x8017bd28
                0x000000008017bd98                skipOneCommand = 0x8017bd98
                0x000000008017be08                GET_OBJ_CMD = 0x8017be08
                0x000000008017bebc                pushCmdContext = 0x8017bebc
                0x000000008017bef8                skipToLabel = 0x8017bef8
                0x000000008017bfec                pushToLabel = 0x8017bfec
                0x000000008017c03c                DO_TOTEM_TOUCHE = 0x8017c03c
                0x000000008017c150                DO_TOTEM_COMMAND = 0x8017c150
                0x000000008017c6c4                DO_TOTBT_REBOND = 0x8017c6c4
                0x000000008017c748                DO_PI_EXPLOSION2 = 0x8017c748
                0x000000008017c7bc                DO_BBL_REBOND = 0x8017c7bc
                0x000000008017c8f8                allocateDog = 0x8017c8f8
                0x000000008017ca78                allocateTir = 0x8017ca78
                0x000000008017ce44                CreateFirstBBL = 0x8017ce44
                0x000000008017cf84                INIT_BBMONT = 0x8017cf84
                0x000000008017d04c                DO_BBL_COMMAND = 0x8017d04c
                0x000000008017d304                BBMONT_ECLAIR = 0x8017d304
                0x000000008017d4c4                BBMONT_ETINCELLES = 0x8017d4c4
                0x000000008017d714                BBMONT_TIRE = 0x8017d714
                0x000000008017d734                Cree_BBL = 0x8017d734
                0x000000008017d754                BB_Attaque = 0x8017d754
                0x000000008017d88c                Fin_BB_Attaque = 0x8017d88c
                0x000000008017d998                BB_Atan = 0x8017d998
                0x000000008017d9fc                DO_BBMONT_ATTER = 0x8017d9fc
                0x000000008017da48                DO_BBMONT_COMMAND = 0x8017da48
                0x000000008017ea60                DO_BBMONT_TOUCHE = 0x8017ea60
                0x000000008017eaa4                DO_BBMONT2_COMMAND = 0x8017eaa4
                0x000000008017fb88                DO_BBMONT2_MARCHE = 0x8017fb88
                0x000000008017fb98                DO_BBMONT2_ATTER = 0x8017fb98
                0x000000008017fd68                DO_BBMONT3_COMMAND = 0x8017fd68
                0x00000000801800c0                DO_BBMONT3_ATTER = 0x801800c0
                0x0000000080180184                DO_BBMONT4_COMMAND = 0x80180184
                0x00000000801802d8                FUN_801802d8 = 0x801802d8
                0x00000000801802e0                SYNCHRO_LOOP = 0x801802e0
                0x000000008018058c                FUN_8018058c = 0x8018058c
                0x0000000080180784                DISPLAY_FOND3 = 0x80180784
                0x0000000080180804                FUN_80180804 = 0x80180804
                0x00000000801809fc                FUN_801809fc = 0x801809fc
                0x0000000080180a7c                DISPLAY_FOND_CONTINUE = 0x80180a7c
                0x0000000080180a9c                DISPLAY_FOND_SELECT = 0x80180a9c
                0x0000000080180abc                PS1_ClearScreen = 0x80180abc
                0x0000000080180b04                FUN_80180b04 = 0x80180b04
                0x0000000080180b3c                guetteurFollowsShip = 0x80180b3c
                0x0000000080180ba0                DO_ONE_PAR_COMMAND = 0x80180ba0
                0x0000000080181020                hasGuetteurABomb = 0x80181020
                0x00000000801810cc                allocatePirateGuetteurBomb = 0x801810cc
                0x0000000080181464                DO_PAR_TIR = 0x80181464
                0x00000000801816bc                DO_PAR_POING_COLLISION = 0x801816bc
                0x0000000080181844                PAR_REACT_TO_RAY_IN_ZONE = 0x80181844
                0x0000000080181928                DO_PAR_BOMB_COMMAND = 0x80181928
                0x0000000080181990                allocateRayLandingSmoke = 0x80181990
                0x00000000801819e8                recale_ray_on_liane = 0x801819e8
                0x0000000080181ac0                calc_bhand_typ = 0x80181ac0
                0x0000000080181bac                IS_RAY_ON_LIANE = 0x80181bac
                0x0000000080181d18                rayMayLandOnAnObject = 0x80181d18
                0x000000008018263c                set_air_speed = 0x8018263c
                0x000000008018270c                Reset_air_speed = 0x8018270c
                0x00000000801828cc                determineRayAirInertia = 0x801828cc
                0x000000008018295c                ray_jump = 0x8018295c
                0x0000000080182cbc                ray_inertia_speed = 0x80182cbc
                0x00000000801831ac                RAY_SWIP = 0x801831ac
                0x0000000080183740                RAY_STOP = 0x80183740
                0x0000000080183854                RAY_HELICO = 0x80183854
                0x0000000080183d2c                Make_Ray_Hang = 0x80183d2c
                0x0000000080183e80                AIR = 0x80183e80
                0x0000000080183ec0                MUR = 0x80183ec0
                0x0000000080183efc                CAN_RAY_HANG_BLOC = 0x80183efc
                0x00000000801842b8                RAY_TOMBE = 0x801842b8
                0x0000000080184444                RAY_RESPOND_TO_DOWN = 0x80184444
                0x000000008018482c                RAY_RESPOND_TO_UP = 0x8018482c
                0x0000000080184ae8                RAY_RESPOND_TO_DIR = 0x80184ae8
                0x0000000080185258                RAY_RESPOND_TO_NOTHING = 0x80185258
                0x0000000080185a54                PS1_RespondShoulderR = 0x80185a54
                0x0000000080185bd8                PS1_RespondShoulderL = 0x80185bd8
                0x0000000080185d60                RAY_RESPOND_TO_BUTTON4 = 0x80185d60
                0x0000000080185d68                RAY_RESPOND_TO_BUTTON3 = 0x80185d68
                0x0000000080185f04                RAY_RESPOND_TO_FIRE0 = 0x80185f04
                0x0000000080185f60                RAY_RESPOND_TO_FIRE1 = 0x80185f60
                0x0000000080185fc0                RAY_BALANCE_ANIM = 0x80185fc0
                0x0000000080186070                abs_sinus_cosinus = 0x80186070
                0x000000008018611c                SET_RAY_BALANCE = 0x8018611c
                0x00000000801861c0                RAY_GOING_BALANCE = 0x801861c0
                0x0000000080186448                RAY_BALANCE = 0x80186448
                0x0000000080186944                RAY_FIN_BALANCE = 0x80186944
                0x00000000801869fc                RayTestBlocSH = 0x801869fc
                0x0000000080186b84                remoteControlRay = 0x80186b84
                0x0000000080186c40                STOPPE_RAY_CONTRE_PAROIS = 0x80186c40
                0x0000000080186cec                RAY_IN_THE_AIR = 0x80186cec
                0x0000000080187690                terminateFistWhenRayDies = 0x80187690
                0x00000000801876e8                snifRayIsDead = 0x801876e8
                0x00000000801877a4                rayfallsinwater = 0x801877a4
                0x000000008018785c                RAY_DEAD = 0x8018785c
                0x0000000080187c6c                RAY_HURT = 0x80187c6c
                0x0000000080187d6c                RepousseRay = 0x80187d6c
                0x0000000080187eb4                RayEstIlBloque = 0x80187eb4
                0x000000008018826c                stackRay = 0x8018826c
                0x00000000801883d0                RAY_SURF = 0x801883d0
                0x0000000080188570                DO_SURF_CHANGE_HAIRS = 0x80188570
                0x0000000080188610                RAY_PREPARE_PIEDS = 0x80188610
                0x0000000080188618                DO_PIEDS_RAYMAN = 0x80188618
                0x0000000080188620                DO_PIEDS_COLLISION = 0x80188620
                0x0000000080188628                allocatePiedBoum = 0x80188628
                0x0000000080188630                DO_MORT_DE_RAY = 0x80188630
                0x00000000801888f0                findMereDenisWeapon = 0x801888f0
                0x0000000080188974                PS1_setBossScrollLimits_spacemama = 0x80188974
                0x0000000080188ac0                mereDenisCanAttak = 0x80188ac0
                0x0000000080188c18                setMereDenisAtScrollBorder = 0x80188c18
                0x0000000080188d14                setCirclePointToReach = 0x80188d14
                0x0000000080188df4                allocateMereDenisBombChips = 0x80188df4
                0x0000000080189010                mereDenisExplodeBombs = 0x80189010
                0x00000000801890b4                mereDenisDropBomb = 0x801890b4
[...]
                0x00000000801f45b8                screen_trembling2 = 0x801f45b8
                0x00000000801f45c0                sens_sinus_2 = 0x801f45c0
                0x00000000801f4978                screen_trembling3 = 0x801f4978
                0x00000000801f4988                no_fnd = 0x801f4988
                0x00000000801f4a08                black_fist_obj_id = 0x801f4a08
                0x00000000801f4a10                mstMustLeaveScreenToProceed = 0x801f4a10
                0x00000000801f4a18                bossReachingTimer = 0x801f4a18
                0x00000000801f4a20                corde_x = 0x801f4a20
                0x00000000801f4a38                VitesseYText = 0x801f4a38
                0x00000000801f4df0                scrollLocked = 0x801f4df0
                0x00000000801f4e10                poing_obj_id = 0x801f4e10
                0x00000000801f4e20                PS1_CurrentVitrailClignotement = 0x801f4e20
                0x00000000801f4e28                saveobj = 0x801f4e28
                0x00000000801f4e70                dans_la_map_monde = 0x801f4e70
                0x00000000801f4e80                stk_obj = 0x801f4e80
                0x00000000801f4eb0                decalage_en_cours = 0x801f4eb0
                0x00000000801f4eb8                horloge = 0x801f4eb8
                0x00000000801f4ed8                bb1 = 0x801f4ed8
                0x00000000801f4ee8                finBosslevel = 0x801f4ee8
                0x00000000801f4f00                __svm_vh = 0x801f4f00
                0x00000000801f4f08                sko_lave_obj = 0x801f4f08
                0x00000000801f4f20                attaque = 0x801f4f20
                0x00000000801f4f28                delai_stereo = 0x801f4f28
                0x00000000801f4f30                stk_snd = 0x801f4f30
                0x00000000801f4f60                __svm_tn = 0x801f4f60
                0x00000000801f4f68                VitrauxInfos = 0x801f4f68
                0x00000000801f4fa8                reduced_rayman_id = 0x801f4fa8
                0x00000000801f4fb0                joy_rec_left = 0x801f4fb0
                0x00000000801f4fc8                corde_y_haut = 0x801f4fc8
                0x00000000801f4fd0                allowed_time = 0x801f4fd0
                0x00000000801f5150                xmapmax = 0x801f5150
                0x00000000801f5158                level_select = 0x801f5158
                0x00000000801f5168                ymapmax = 0x801f5168
                0x00000000801f5170                RandomIndex = 0x801f5170
                0x00000000801f5180                ray_Suphelico_bis = 0x801f5180
                0x00000000801f5190                tot_nb_flocs = 0x801f5190
                0x00000000801f51a0                scroll_end_x = 0x801f51a0
                0x00000000801f51a8                scroll_end_y = 0x801f51a8
                0x00000000801f51b0                currentBossAction = 0x801f51b0
                0x00000000801f51b8                saveBossEncounter = 0x801f51b8
                0x00000000801f51e0                lidol_to_allocate = 0x801f51e0
                0x00000000801f51e8                star_ray_der = 0x801f51e8
                0x00000000801f51f0                ray_old_main_etat = 0x801f51f0
                0x00000000801f5208                weather_wind = 0x801f5208
                0x00000000801f5210                inter_select = 0x801f5210
                0x00000000801f5218                fin_continue = 0x801f5218
                0x00000000801f5228                joy_rec_down = 0x801f5228
                0x00000000801f5230                first_credit = 0x801f5230
                0x00000000801f5238                currentPhaseHitCounter = 0x801f5238
                0x00000000801f5258                star_ray_dev = 0x801f5258
                0x00000000801f5260                sko_ecran_tremble = 0x801f5260
                0x00000000801f5268                stepsForward = 0x801f5268
                0x00000000801f5280                PS1_PolygonIndexTable = 0x801f5280
                0x00000000801f5410                ModeDemo = 0x801f5410
                0x00000000801f5418                PS1_Setting_Jump = 0x801f5418
                0x00000000801f541a                PS1_Setting_Fist = 0x801f541a
                0x00000000801f541c                PS1_Setting_Action = 0x801f541c
                0x00000000801f541e                PS1_Setting_Music = 0x801f541e
                0x00000000801f5420                PS1_Setting_Soundfx = 0x801f5420
                0x00000000801f5422                PS1_Setting_StereoEnabled = 0x801f5422
                0x00000000801f5458                wi_save_zone = 0x801f5458
                0x00000000801f5470                mst_scroll_obj_id = 0x801f5470
                0x00000000801f5478                IndSerie = 0x801f5478
                0x00000000801f5480                sko_rayon_dx = 0x801f5480
                0x00000000801f5488                sko_rayon_dy = 0x801f5488
                0x00000000801f5490                sko_rayon_on = 0x801f5490
                0x00000000801f54a0                ray_stack_is_full = 0x801f54a0
                0x00000000801f54a8                max_compteur = 0x801f54a8
                0x00000000801f5598                NextAtak = 0x801f5598
                0x00000000801f55a0                current_star = 0x801f55a0
                0x00000000801f55b0                RMrepere = 0x801f55b0
                0x00000000801f55e0                PS1_MoteurTime = 0x801f55e0
                0x00000000801f55e8                Sax = 0x801f55e8
                0x00000000801f5608                SNSEQ_len = 0x801f5608
                0x00000000801f5698                compteur_clignote = 0x801f5698
                0x00000000801f56a8                PS1_LevelBGBlock = 0x801f56a8
                0x00000000801f56c0                PS1_AlwaysObjects = 0x801f56c0
                0x00000000801f57a0                NextNote = 0x801f57a0
                0x00000000801f57b8                laserSourceSprNumInAnim = 0x801f57b8
                0x00000000801f57c8                PS1_LevelMapBlock = 0x801f57c8
                0x00000000801f5988                dark_obj = 0x801f5988
                0x00000000801f5990                bossSafeTimer = 0x801f5990
                0x00000000801f59a0                spuVmMaxVoice = 0x801f59a0
                0x00000000801f59a8                bateau_obj_id = 0x801f59a8
                0x00000000801f59b0                floc_ind = 0x801f59b0
                0x00000000801f59c0                fin_dark = 0x801f59c0
                0x00000000801f59c8                SNSEQ_ptr = 0x801f59c8
                0x00000000801f59d8                PS1_PolygonsCount = 0x801f59d8
                0x00000000801f59e8                rayStack = 0x801f59e8
                0x00000000801f6108                cymbal_obj_id = 0x801f6108
                0x00000000801f6180                Etape_History = 0x801f6180
                0x00000000801f6188                png_or_fee_id = 0x801f6188
                0x00000000801f6190                ray_clic = 0x801f6190
                0x00000000801f61a0                ray = 0x801f61a0
                0x00000000801f6220                map_time = 0x801f6220
                0x00000000801f6230                rms = 0x801f6230
                0x00000000801f6848                mama_pirate_obj_id = 0x801f6848
                0x00000000801f75c8                special_ray_mov_win_x_right = 0x801f75c8
                0x00000000801f75d0                CouteauxInfos = 0x801f75d0
                0x00000000801f7630                ObjectsFonctions = 0x801f7630
                0x00000000801f7a30                PS1_CurrentPassword = 0x801f7a30
                0x00000000801f7a40                PierreDoitExploser = 0x801f7a40
                0x00000000801f7a48                fin_boss = 0x801f7a48
                0x00000000801f7a50                rayman_obj_id = 0x801f7a50
                0x00000000801f7a60                xmap_old = 0x801f7a60
                0x00000000801f7a70                ymap_old = 0x801f7a70
                0x00000000801f7a78                PS1_SplashAlwaysObjects = 0x801f7a78
                0x00000000801f7a98                in_air_because_hit = 0x801f7a98
                0x00000000801f7aa0                PS1_FondType = 0x801f7aa0
                0x00000000801f7b7c                save_ray = 0x801f7b7c
                0x00000000801f7b90                scroll_obj_id = 0x801f7b90
                0x00000000801f7c58                sko_enfonce_enable = 0x801f7c58
                0x00000000801f7c88                currentBossActionIsOver = 0x801f7c88
                0x00000000801f7c98                SNSEQ_list_ptr = 0x801f7c98
                0x00000000801f7cd0                WaitForFinAtan = 0x801f7cd0
                0x00000000801f7cd8                black_pos_in_stack = 0x801f7cd8
                0x00000000801f7ce0                dir_on_wldmap = 0x801f7ce0
                0x00000000801f7cf0                xmapsave = 0x801f7cf0
                0x00000000801f7cf8                ymapsave = 0x801f7cf8
                0x00000000801f7d00                scroll_x = 0x801f7d00
                0x00000000801f7d08                PS1_PrevPrim = 0x801f7d08
                0x00000000801f7d10                scroll_y = 0x801f7d10
                0x00000000801f7d38                dark_rayon_dx = 0x801f7d38
                0x00000000801f7d70                xmapinit = 0x801f7d70
                0x00000000801f7d78                dark_rayon_dy = 0x801f7d78
                0x00000000801f7e60                ymapinit = 0x801f7e60
                0x00000000801f7e68                PS1_CurrentTypingPassword = 0x801f7e68
                0x00000000801f7e78                joy_rec_right = 0x801f7e78
                0x00000000801f7e80                ray_on_poelle = 0x801f7e80
                0x00000000801f7e88                ray_speed_inv = 0x801f7e88
                0x00000000801f7ea0                stosko_obj_id = 0x801f7ea0
                0x00000000801f7ea8                compteur = 0x801f7ea8
                0x00000000801f7eb0                bossEncounter = 0x801f7eb0
                0x00000000801f7ed8                PS1_PadRecieveBuffer = 0x801f7ed8
                0x00000000801f7f40                bonus_perfect = 0x801f7f40
                0x00000000801f7f58                position = 0x801f7f58
                0x00000000801f7f60                MENU_RETURN = 0x801f7f60
                0x00000000801f7f70                IndexAtak = 0x801f7f70
                0x00000000801f7f80                old_num_world = 0x801f7f80
                0x00000000801f7f90                PS1_LevelObjBlock = 0x801f7f90
                0x00000000801f7fb0                PS1_AllFixData = 0x801f7fb0
                0x00000000801f7fc0                ecroule_plat_index = 0x801f7fc0
                0x00000000801f7fe0                debut_sortie = 0x801f7fe0
                0x00000000801f8000                TempsDemo = 0x801f8000
                0x00000000801f8020                moskitosaxo_obj_id = 0x801f8020
                0x00000000801f8028                txt_dark2 = 0x801f8028
                0x00000000801f8090                droppedBombIds = 0x801f8090
                0x00000000801f8110                NiveauSol = 0x801f8110
                0x00000000801f8118                ecroule_rubis_list = 0x801f8118
                0x00000000801f8120                gele = 0x801f8120
                0x00000000801f8130                PosPierre = 0x801f8130
                0x00000000801f8138                Nb_total_cages = 0x801f8138
                0x00000000801f8140                bossScrollEndX = 0x801f8140
                0x00000000801f8150                bossScrollEndY = 0x801f8150
                0x00000000801f8158                dead_time = 0x801f8158
                0x00000000801f8160                PS1_FondHeight = 0x801f8160
                0x00000000801f8178                machine_obj_id = 0x801f8178
                0x00000000801f81a0                menuEtape = 0x801f81a0
                0x00000000801f81a8                pierreAcorde_obj_id = 0x801f81a8
                0x00000000801f81b8                clock_obj = 0x801f81b8
                0x00000000801f8228                SNSEQ_list = 0x801f8228
                0x00000000801f8458                PS1_FondImagesCount = 0x801f8458
                0x00000000801f8460                floorLine = 0x801f8460
                0x00000000801f8468                cou_place = 0x801f8468
                0x00000000801f8470                NbSprite = 0x801f8470
                0x00000000801f8488                pma_phase = 0x801f8488
                0x00000000801f8490                PS1_FondWidth = 0x801f8490
                0x00000000801f8498                id_obj_grapped = 0x801f8498
                0x00000000801f84b8                xmap = 0x801f84b8
                0x00000000801f84c0                ymap = 0x801f84c0
                0x00000000801f84c8                ray_zdc_h = 0x801f84c8
                0x00000000801f84d0                PS1_LevelMusic_Level = 0x801f84d0
                0x00000000801f84e8                pix_gerbe = 0x801f84e8
                0x00000000801f9908                alternateBossSpeedFactor = 0x801f9908
                0x00000000801f9918                hand_btyp = 0x801f9918
                0x00000000801f9920                left_time = 0x801f9920
                0x00000000801f9928                mereDenis_weapon_id = 0x801f9928
                0x00000000801f9948                PS1_LevelMusic_World = 0x801f9948
                0x00000000801f9950                sko_phase = 0x801f9950
                0x00000000801f9958                vignet_joe_affichee = 0x801f9958
                0x00000000801f9960                prise_branchee = 0x801f9960
                0x00000000801f99e8                link_init = 0x801f99e8
                0x00000000801f99f0                new_level = 0x801f99f0
                0x00000000801f9a00                pma_tempo = 0x801f9a00
                0x00000000801f9a08                ray_zdc_w = 0x801f9a08
                0x00000000801f9a10                ray_zdc_x = 0x801f9a10
                0x00000000801f9a20                bonus_map = 0x801f9a20
                0x00000000801f9a28                ray_zdc_y = 0x801f9a28
                0x00000000801f9a30                currentBombSequence = 0x801f9a30
                0x00000000801f9a40                pma_nb_couteau = 0x801f9a40
                0x00000000801f9a50                pos_stack = 0x801f9a50
                0x00000000801f9a68                num_level = 0x801f9a68
                0x00000000801f9a70                display_Vignet = 0x801f9a70
                0x00000000801f9a88                loop_time = 0x801f9a88
                0x00000000801f9a90                fin_saisie_nom = 0x801f9a90
                0x00000000801f9aa0                PS1_BackgroundPositions = 0x801f9aa0
                0x00000000801f9aa8                zoom_mode = 0x801f9aa8
                0x00000000801f9ab0                chemin_percent = 0x801f9ab0
                0x00000000801f9ac0                jump_time = 0x801f9ac0
                0x00000000801f9ac8                save_zone = 0x801f9ac8
                0x00000000801fa548                cou_tempo = 0x801fa548
                0x00000000801fa550                h_scroll_speed = 0x801fa550
                0x00000000801fa590                ray_wind_force = 0x801fa590
                0x00000000801fa5a0                life_becoz_wiz = 0x801fa5a0
                0x00000000801fa5a8                new_world = 0x801fa5a8
                0x00000000801fa5b0                ZDCPTR = 0x801fa5b0
                0x00000000801fa5b8                grp_stars = 0x801fa5b8
                0x00000000801fa630                ray_X_main_pos_init = 0x801fa630
                0x00000000801fa678                ray_Y_main_pos_init = 0x801fa678
                0x00000000801fa680                pixels_enfonce = 0x801fa680
                0x00000000801fa688                num_world = 0x801fa688
                0x00000000801fa698                v_scroll_speed = 0x801fa698
                0x00000000801fa6a0                loop_nb_trames = 0x801fa6a0
                0x00000000801fa6a8                raylittle = 0x801fa6a8
                0x00000000801fa720                selection_effectuee = 0x801fa720
                0x00000000801fa728                save1 = 0x801fa728
                0x00000000801fa890                fichier_selectionne = 0x801fa890
                0x00000000801fa898                save2 = 0x801fa898
                0x00000000801faa68                NiveauDansPhase = 0x801faa68
                0x00000000801faa70                NewMs = 0x801faa70
                0x00000000801faac0                Phase = 0x801faac0
                0x00000000801faac8                positionx = 0x801faac8
                0x00000000801faad8                positiony = 0x801faad8
                0x00000000801faae8                IndexSerie = 0x801faae8
                0x00000000801faaf0                VENT_X = 0x801faaf0
                0x00000000801faaf8                VENT_Y = 0x801faaf8
                0x00000000801fab08                PS1_ValidPassword = 0x801fab08
OUTPUT(mod.elf elf32-littlemips)

.reginfo        0x0000000000000000       0x18
 .reginfo       0x0000000000000000       0x18 src/dummy.o

.mdebug.abi32   0x0000000000000000        0x0
 .mdebug.abi32  0x0000000000000000        0x0 src/dummy.o
 .mdebug.abi32  0x0000000000000000        0x0 src/stophittingyourself.o

.comment        0x0000000000000000       0x12
 .comment       0x0000000000000000       0x12 src/dummy.o
                                         0x13 (size before relaxing)
 .comment       0x0000000000000012       0x13 src/stophittingyourself.o

.gnu.attributes
                0x0000000000000000       0x10
 .gnu.attributes
                0x0000000000000000       0x10 src/dummy.o
 .gnu.attributes
                0x0000000000000010       0x10 src/stophittingyourself.o
 .gnu.attributes
                0x0000000000000020       0x10 src/hook_dopoing_switchofffist.o

.pdr            0x0000000000000000        0x0
 .pdr           0x0000000000000000        0x0 src/hook_dopoing_switchofffist.o

.debug_info     0x0000000000000000      0xf72
 .debug_info    0x0000000000000000       0x39 src/dummy.o
 .debug_info    0x0000000000000039      0xf39 src/stophittingyourself.o

.debug_abbrev   0x0000000000000000      0x187
 .debug_abbrev  0x0000000000000000       0x2b src/dummy.o
 .debug_abbrev  0x000000000000002b      0x15c src/stophittingyourself.o

.debug_aranges  0x0000000000000000       0x40
 .debug_aranges
                0x0000000000000000       0x20 src/dummy.o
 .debug_aranges
                0x0000000000000020       0x20 src/stophittingyourself.o

.debug_rnglists
                0x0000000000000000       0x27
 .debug_rnglists
                0x0000000000000000       0x13 src/dummy.o
 .debug_rnglists
                0x0000000000000013       0x14 src/stophittingyourself.o

.debug_line     0x0000000000000000      0x13f
 .debug_line    0x0000000000000000       0x42 src/dummy.o
 .debug_line    0x0000000000000042       0xfd src/stophittingyourself.o

.debug_str      0x0000000000000000     0x185e
 .debug_str     0x0000000000000000      0x155 src/dummy.o
 .debug_str     0x0000000000000155     0x1709 src/stophittingyourself.o
                                       0x18c9 (size before relaxing)

.debug_frame    0x0000000000000000       0x54
 .debug_frame   0x0000000000000000       0x20 src/dummy.o
 .debug_frame   0x0000000000000020       0x34 src/stophittingyourself.o

.debug_loclists
                0x0000000000000000       0x36
 .debug_loclists
                0x0000000000000000       0x36 src/stophittingyourself.o
